Archive member included to satisfy reference by file (symbol)

/home/joaoantoniocardoso/opt/xPacks/@xpack-dev-tools/riscv-none-embed-gcc/8.3.0-1.1.1/.content/bin/../lib/gcc/riscv-none-embed/8.3.0/../../../../riscv-none-embed/lib/rv32im/ilp32/libg.a(lib_a-errno.o)
                              syscalls.o (__errno)
/home/joaoantoniocardoso/opt/xPacks/@xpack-dev-tools/riscv-none-embed-gcc/8.3.0-1.1.1/.content/bin/../lib/gcc/riscv-none-embed/8.3.0/../../../../riscv-none-embed/lib/rv32im/ilp32/libg.a(lib_a-exit.o)
                              /home/joaoantoniocardoso/opt/xPacks/@xpack-dev-tools/riscv-none-embed-gcc/8.3.0-1.1.1/.content/bin/../lib/gcc/riscv-none-embed/8.3.0/../../../../riscv-none-embed/lib/rv32im/ilp32/crt0.o (exit)
/home/joaoantoniocardoso/opt/xPacks/@xpack-dev-tools/riscv-none-embed-gcc/8.3.0-1.1.1/.content/bin/../lib/gcc/riscv-none-embed/8.3.0/../../../../riscv-none-embed/lib/rv32im/ilp32/libg.a(lib_a-impure.o)
                              /home/joaoantoniocardoso/opt/xPacks/@xpack-dev-tools/riscv-none-embed-gcc/8.3.0-1.1.1/.content/bin/../lib/gcc/riscv-none-embed/8.3.0/../../../../riscv-none-embed/lib/rv32im/ilp32/libg.a(lib_a-exit.o) (_global_impure_ptr)
/home/joaoantoniocardoso/opt/xPacks/@xpack-dev-tools/riscv-none-embed-gcc/8.3.0-1.1.1/.content/bin/../lib/gcc/riscv-none-embed/8.3.0/../../../../riscv-none-embed/lib/rv32im/ilp32/libg.a(lib_a-init.o)
                              /home/joaoantoniocardoso/opt/xPacks/@xpack-dev-tools/riscv-none-embed-gcc/8.3.0-1.1.1/.content/bin/../lib/gcc/riscv-none-embed/8.3.0/../../../../riscv-none-embed/lib/rv32im/ilp32/crt0.o (__libc_init_array)
/home/joaoantoniocardoso/opt/xPacks/@xpack-dev-tools/riscv-none-embed-gcc/8.3.0-1.1.1/.content/bin/../lib/gcc/riscv-none-embed/8.3.0/../../../../riscv-none-embed/lib/rv32im/ilp32/libg.a(lib_a-memcpy.o)
                              syscalls.o (memcpy)
/home/joaoantoniocardoso/opt/xPacks/@xpack-dev-tools/riscv-none-embed-gcc/8.3.0-1.1.1/.content/bin/../lib/gcc/riscv-none-embed/8.3.0/../../../../riscv-none-embed/lib/rv32im/ilp32/libg.a(lib_a-memset.o)
                              /home/joaoantoniocardoso/opt/xPacks/@xpack-dev-tools/riscv-none-embed-gcc/8.3.0-1.1.1/.content/bin/../lib/gcc/riscv-none-embed/8.3.0/../../../../riscv-none-embed/lib/rv32im/ilp32/crt0.o (memset)
/home/joaoantoniocardoso/opt/xPacks/@xpack-dev-tools/riscv-none-embed-gcc/8.3.0-1.1.1/.content/bin/../lib/gcc/riscv-none-embed/8.3.0/../../../../riscv-none-embed/lib/rv32im/ilp32/libg.a(lib_a-__call_atexit.o)
                              /home/joaoantoniocardoso/opt/xPacks/@xpack-dev-tools/riscv-none-embed-gcc/8.3.0-1.1.1/.content/bin/../lib/gcc/riscv-none-embed/8.3.0/../../../../riscv-none-embed/lib/rv32im/ilp32/libg.a(lib_a-exit.o) (__call_exitprocs)
/home/joaoantoniocardoso/opt/xPacks/@xpack-dev-tools/riscv-none-embed-gcc/8.3.0-1.1.1/.content/bin/../lib/gcc/riscv-none-embed/8.3.0/../../../../riscv-none-embed/lib/rv32im/ilp32/libg.a(lib_a-atexit.o)
                              /home/joaoantoniocardoso/opt/xPacks/@xpack-dev-tools/riscv-none-embed-gcc/8.3.0-1.1.1/.content/bin/../lib/gcc/riscv-none-embed/8.3.0/../../../../riscv-none-embed/lib/rv32im/ilp32/libg.a(lib_a-__call_atexit.o) (atexit)
/home/joaoantoniocardoso/opt/xPacks/@xpack-dev-tools/riscv-none-embed-gcc/8.3.0-1.1.1/.content/bin/../lib/gcc/riscv-none-embed/8.3.0/../../../../riscv-none-embed/lib/rv32im/ilp32/libg.a(lib_a-fini.o)
                              /home/joaoantoniocardoso/opt/xPacks/@xpack-dev-tools/riscv-none-embed-gcc/8.3.0-1.1.1/.content/bin/../lib/gcc/riscv-none-embed/8.3.0/../../../../riscv-none-embed/lib/rv32im/ilp32/libg.a(lib_a-__call_atexit.o) (__libc_fini_array)
/home/joaoantoniocardoso/opt/xPacks/@xpack-dev-tools/riscv-none-embed-gcc/8.3.0-1.1.1/.content/bin/../lib/gcc/riscv-none-embed/8.3.0/../../../../riscv-none-embed/lib/rv32im/ilp32/libg.a(lib_a-lock.o)
                              /home/joaoantoniocardoso/opt/xPacks/@xpack-dev-tools/riscv-none-embed-gcc/8.3.0-1.1.1/.content/bin/../lib/gcc/riscv-none-embed/8.3.0/../../../../riscv-none-embed/lib/rv32im/ilp32/libg.a(lib_a-__call_atexit.o) (__retarget_lock_acquire_recursive)
/home/joaoantoniocardoso/opt/xPacks/@xpack-dev-tools/riscv-none-embed-gcc/8.3.0-1.1.1/.content/bin/../lib/gcc/riscv-none-embed/8.3.0/../../../../riscv-none-embed/lib/rv32im/ilp32/libg.a(lib_a-__atexit.o)
                              /home/joaoantoniocardoso/opt/xPacks/@xpack-dev-tools/riscv-none-embed-gcc/8.3.0-1.1.1/.content/bin/../lib/gcc/riscv-none-embed/8.3.0/../../../../riscv-none-embed/lib/rv32im/ilp32/libg.a(lib_a-atexit.o) (__register_exitproc)

Allocating common symbols
Common symbol       size              file

__lock___atexit_recursive_mutex
                    0x1               /home/joaoantoniocardoso/opt/xPacks/@xpack-dev-tools/riscv-none-embed-gcc/8.3.0-1.1.1/.content/bin/../lib/gcc/riscv-none-embed/8.3.0/../../../../riscv-none-embed/lib/rv32im/ilp32/libg.a(lib_a-lock.o)
__lock___arc4random_mutex
                    0x1               /home/joaoantoniocardoso/opt/xPacks/@xpack-dev-tools/riscv-none-embed-gcc/8.3.0-1.1.1/.content/bin/../lib/gcc/riscv-none-embed/8.3.0/../../../../riscv-none-embed/lib/rv32im/ilp32/libg.a(lib_a-lock.o)
__lock___env_recursive_mutex
                    0x1               /home/joaoantoniocardoso/opt/xPacks/@xpack-dev-tools/riscv-none-embed-gcc/8.3.0-1.1.1/.content/bin/../lib/gcc/riscv-none-embed/8.3.0/../../../../riscv-none-embed/lib/rv32im/ilp32/libg.a(lib_a-lock.o)
__lock___sinit_recursive_mutex
                    0x1               /home/joaoantoniocardoso/opt/xPacks/@xpack-dev-tools/riscv-none-embed-gcc/8.3.0-1.1.1/.content/bin/../lib/gcc/riscv-none-embed/8.3.0/../../../../riscv-none-embed/lib/rv32im/ilp32/libg.a(lib_a-lock.o)
__lock___malloc_recursive_mutex
                    0x1               /home/joaoantoniocardoso/opt/xPacks/@xpack-dev-tools/riscv-none-embed-gcc/8.3.0-1.1.1/.content/bin/../lib/gcc/riscv-none-embed/8.3.0/../../../../riscv-none-embed/lib/rv32im/ilp32/libg.a(lib_a-lock.o)
__lock___at_quick_exit_mutex
                    0x1               /home/joaoantoniocardoso/opt/xPacks/@xpack-dev-tools/riscv-none-embed-gcc/8.3.0-1.1.1/.content/bin/../lib/gcc/riscv-none-embed/8.3.0/../../../../riscv-none-embed/lib/rv32im/ilp32/libg.a(lib_a-lock.o)
__lock___dd_hash_mutex
                    0x1               /home/joaoantoniocardoso/opt/xPacks/@xpack-dev-tools/riscv-none-embed-gcc/8.3.0-1.1.1/.content/bin/../lib/gcc/riscv-none-embed/8.3.0/../../../../riscv-none-embed/lib/rv32im/ilp32/libg.a(lib_a-lock.o)
__lock___tz_mutex   0x1               /home/joaoantoniocardoso/opt/xPacks/@xpack-dev-tools/riscv-none-embed-gcc/8.3.0-1.1.1/.content/bin/../lib/gcc/riscv-none-embed/8.3.0/../../../../riscv-none-embed/lib/rv32im/ilp32/libg.a(lib_a-lock.o)
__lock___sfp_recursive_mutex
                    0x1               /home/joaoantoniocardoso/opt/xPacks/@xpack-dev-tools/riscv-none-embed-gcc/8.3.0-1.1.1/.content/bin/../lib/gcc/riscv-none-embed/8.3.0/../../../../riscv-none-embed/lib/rv32im/ilp32/libg.a(lib_a-lock.o)

Memory Configuration

Name             Origin             Length             Attributes
rom              0x0000000000000000 0x000000000000fc00 xrw
ram              0x0000000002000000 0x0000000000000800 xrw
*default*        0x0000000000000000 0xffffffffffffffff

Linker script and memory map

LOAD /home/joaoantoniocardoso/opt/xPacks/@xpack-dev-tools/riscv-none-embed-gcc/8.3.0-1.1.1/.content/bin/../lib/gcc/riscv-none-embed/8.3.0/../../../../riscv-none-embed/lib/rv32im/ilp32/crt0.o
LOAD /home/joaoantoniocardoso/opt/xPacks/@xpack-dev-tools/riscv-none-embed-gcc/8.3.0-1.1.1/.content/bin/../lib/gcc/riscv-none-embed/8.3.0/rv32im/ilp32/crtbegin.o
LOAD main_timer.o
LOAD syscalls.o
LOAD start.o
LOAD utils.o
LOAD timer.o
LOAD /home/joaoantoniocardoso/opt/xPacks/@xpack-dev-tools/riscv-none-embed-gcc/8.3.0-1.1.1/.content/bin/../lib/gcc/riscv-none-embed/8.3.0/rv32im/ilp32/libgcc.a
START GROUP
LOAD /home/joaoantoniocardoso/opt/xPacks/@xpack-dev-tools/riscv-none-embed-gcc/8.3.0-1.1.1/.content/bin/../lib/gcc/riscv-none-embed/8.3.0/rv32im/ilp32/libgcc.a
LOAD /home/joaoantoniocardoso/opt/xPacks/@xpack-dev-tools/riscv-none-embed-gcc/8.3.0-1.1.1/.content/bin/../lib/gcc/riscv-none-embed/8.3.0/../../../../riscv-none-embed/lib/rv32im/ilp32/libg.a
LOAD /home/joaoantoniocardoso/opt/xPacks/@xpack-dev-tools/riscv-none-embed-gcc/8.3.0-1.1.1/.content/bin/../lib/gcc/riscv-none-embed/8.3.0/../../../../riscv-none-embed/lib/rv32im/ilp32/libc.a
END GROUP
LOAD /home/joaoantoniocardoso/opt/xPacks/@xpack-dev-tools/riscv-none-embed-gcc/8.3.0-1.1.1/.content/bin/../lib/gcc/riscv-none-embed/8.3.0/rv32im/ilp32/libgcc.a
LOAD /home/joaoantoniocardoso/opt/xPacks/@xpack-dev-tools/riscv-none-embed-gcc/8.3.0-1.1.1/.content/bin/../lib/gcc/riscv-none-embed/8.3.0/rv32im/ilp32/crtend.o

.rom            0x0000000000000000      0x6ac
 _pvstart*(.text)
 start*(.text)
 .text          0x0000000000000000       0x2c start.o
                0x0000000000000000                _pvstart
                0x0000000000000100                . = 0x100
 *fill*         0x000000000000002c       0xd4 
                0x0000000000000100                . = ALIGN (0x4)
 *(.text)
 .text          0x0000000000000100       0x4c /home/joaoantoniocardoso/opt/xPacks/@xpack-dev-tools/riscv-none-embed-gcc/8.3.0-1.1.1/.content/bin/../lib/gcc/riscv-none-embed/8.3.0/../../../../riscv-none-embed/lib/rv32im/ilp32/crt0.o
                0x0000000000000100                _start
 .text          0x000000000000014c        0x0 /home/joaoantoniocardoso/opt/xPacks/@xpack-dev-tools/riscv-none-embed-gcc/8.3.0-1.1.1/.content/bin/../lib/gcc/riscv-none-embed/8.3.0/rv32im/ilp32/crtbegin.o
 .text          0x000000000000014c      0x39c main_timer.o
                0x000000000000014c                test_mode_0
                0x0000000000000210                test_mode_1
                0x00000000000002c0                test_mode_2
                0x0000000000000370                test_mode_3
                0x000000000000041c                example_heartbeat
                0x00000000000004cc                main
 .text          0x00000000000004e8       0xd8 syscalls.o
                0x00000000000004e8                _getpid
                0x00000000000004e8                _utime
                0x00000000000004e8                _sysconf
                0x00000000000004e8                _ftime
                0x00000000000004e8                _isatty
                0x00000000000004e8                _open
                0x00000000000004e8                _times
                0x00000000000004e8                _stat
                0x00000000000004e8                _chdir
                0x00000000000004e8                _wait
                0x00000000000004e8                _lseek
                0x00000000000004e8                _fstatat
                0x00000000000004e8                _link
                0x00000000000004e8                _chown
                0x00000000000004e8                _access
                0x00000000000004e8                _openat
                0x00000000000004e8                _execve
                0x00000000000004e8                _chmod
                0x00000000000004e8                _lstat
                0x00000000000004e8                _unlink
                0x00000000000004e8                _fork
                0x00000000000004e8                _getcwd
                0x00000000000004e8                _kill
                0x00000000000004e8                _gettimeofday
                0x00000000000004e8                _faccessat
                0x00000000000004ec                unimplemented_syscall
                0x0000000000000510                _read
                0x0000000000000518                _write
                0x000000000000053c                _close
                0x0000000000000544                _fstat
                0x0000000000000568                _sbrk
                0x000000000000058c                _exit
                0x0000000000000590                init_data_section
 .text          0x00000000000005c0       0x10 utils.o
                0x00000000000005c0                delay_
 .text          0x00000000000005d0        0x0 timer.o
 .text          0x00000000000005d0        0x0 /home/joaoantoniocardoso/opt/xPacks/@xpack-dev-tools/riscv-none-embed-gcc/8.3.0-1.1.1/.content/bin/../lib/gcc/riscv-none-embed/8.3.0/../../../../riscv-none-embed/lib/rv32im/ilp32/libg.a(lib_a-errno.o)
 .text          0x00000000000005d0        0x0 /home/joaoantoniocardoso/opt/xPacks/@xpack-dev-tools/riscv-none-embed-gcc/8.3.0-1.1.1/.content/bin/../lib/gcc/riscv-none-embed/8.3.0/../../../../riscv-none-embed/lib/rv32im/ilp32/libg.a(lib_a-exit.o)
 .text          0x00000000000005d0        0x0 /home/joaoantoniocardoso/opt/xPacks/@xpack-dev-tools/riscv-none-embed-gcc/8.3.0-1.1.1/.content/bin/../lib/gcc/riscv-none-embed/8.3.0/../../../../riscv-none-embed/lib/rv32im/ilp32/libg.a(lib_a-impure.o)
 .text          0x00000000000005d0        0x0 /home/joaoantoniocardoso/opt/xPacks/@xpack-dev-tools/riscv-none-embed-gcc/8.3.0-1.1.1/.content/bin/../lib/gcc/riscv-none-embed/8.3.0/../../../../riscv-none-embed/lib/rv32im/ilp32/libg.a(lib_a-init.o)
 .text          0x00000000000005d0        0x0 /home/joaoantoniocardoso/opt/xPacks/@xpack-dev-tools/riscv-none-embed-gcc/8.3.0-1.1.1/.content/bin/../lib/gcc/riscv-none-embed/8.3.0/../../../../riscv-none-embed/lib/rv32im/ilp32/libg.a(lib_a-memcpy.o)
 .text          0x00000000000005d0       0xdc /home/joaoantoniocardoso/opt/xPacks/@xpack-dev-tools/riscv-none-embed-gcc/8.3.0-1.1.1/.content/bin/../lib/gcc/riscv-none-embed/8.3.0/../../../../riscv-none-embed/lib/rv32im/ilp32/libg.a(lib_a-memset.o)
                0x00000000000005d0                memset
 .text          0x00000000000006ac        0x0 /home/joaoantoniocardoso/opt/xPacks/@xpack-dev-tools/riscv-none-embed-gcc/8.3.0-1.1.1/.content/bin/../lib/gcc/riscv-none-embed/8.3.0/../../../../riscv-none-embed/lib/rv32im/ilp32/libg.a(lib_a-__call_atexit.o)
 .text          0x00000000000006ac        0x0 /home/joaoantoniocardoso/opt/xPacks/@xpack-dev-tools/riscv-none-embed-gcc/8.3.0-1.1.1/.content/bin/../lib/gcc/riscv-none-embed/8.3.0/../../../../riscv-none-embed/lib/rv32im/ilp32/libg.a(lib_a-atexit.o)
 .text          0x00000000000006ac        0x0 /home/joaoantoniocardoso/opt/xPacks/@xpack-dev-tools/riscv-none-embed-gcc/8.3.0-1.1.1/.content/bin/../lib/gcc/riscv-none-embed/8.3.0/../../../../riscv-none-embed/lib/rv32im/ilp32/libg.a(lib_a-fini.o)
 .text          0x00000000000006ac        0x0 /home/joaoantoniocardoso/opt/xPacks/@xpack-dev-tools/riscv-none-embed-gcc/8.3.0-1.1.1/.content/bin/../lib/gcc/riscv-none-embed/8.3.0/../../../../riscv-none-embed/lib/rv32im/ilp32/libg.a(lib_a-lock.o)
 .text          0x00000000000006ac        0x0 /home/joaoantoniocardoso/opt/xPacks/@xpack-dev-tools/riscv-none-embed-gcc/8.3.0-1.1.1/.content/bin/../lib/gcc/riscv-none-embed/8.3.0/../../../../riscv-none-embed/lib/rv32im/ilp32/libg.a(lib_a-__atexit.o)
 .text          0x00000000000006ac        0x0 /home/joaoantoniocardoso/opt/xPacks/@xpack-dev-tools/riscv-none-embed-gcc/8.3.0-1.1.1/.content/bin/../lib/gcc/riscv-none-embed/8.3.0/rv32im/ilp32/crtend.o

.text.__do_global_dtors_aux
                0x00000000000006ac       0x50
 .text.__do_global_dtors_aux
                0x00000000000006ac       0x50 /home/joaoantoniocardoso/opt/xPacks/@xpack-dev-tools/riscv-none-embed-gcc/8.3.0-1.1.1/.content/bin/../lib/gcc/riscv-none-embed/8.3.0/rv32im/ilp32/crtbegin.o

.text.frame_dummy
                0x00000000000006fc       0x24
 .text.frame_dummy
                0x00000000000006fc       0x24 /home/joaoantoniocardoso/opt/xPacks/@xpack-dev-tools/riscv-none-embed-gcc/8.3.0-1.1.1/.content/bin/../lib/gcc/riscv-none-embed/8.3.0/rv32im/ilp32/crtbegin.o

.text.__errno   0x0000000000000720        0xc
 .text.__errno  0x0000000000000720        0xc /home/joaoantoniocardoso/opt/xPacks/@xpack-dev-tools/riscv-none-embed-gcc/8.3.0-1.1.1/.content/bin/../lib/gcc/riscv-none-embed/8.3.0/../../../../riscv-none-embed/lib/rv32im/ilp32/libg.a(lib_a-errno.o)
                0x0000000000000720                __errno

.text.exit      0x000000000000072c       0x38
 .text.exit     0x000000000000072c       0x38 /home/joaoantoniocardoso/opt/xPacks/@xpack-dev-tools/riscv-none-embed-gcc/8.3.0-1.1.1/.content/bin/../lib/gcc/riscv-none-embed/8.3.0/../../../../riscv-none-embed/lib/rv32im/ilp32/libg.a(lib_a-exit.o)
                0x000000000000072c                exit

.text.__libc_init_array
                0x0000000000000764       0x94
 .text.__libc_init_array
                0x0000000000000764       0x94 /home/joaoantoniocardoso/opt/xPacks/@xpack-dev-tools/riscv-none-embed-gcc/8.3.0-1.1.1/.content/bin/../lib/gcc/riscv-none-embed/8.3.0/../../../../riscv-none-embed/lib/rv32im/ilp32/libg.a(lib_a-init.o)
                0x0000000000000764                __libc_init_array

.text.memcpy    0x00000000000007f8      0x11c
 .text.memcpy   0x00000000000007f8      0x11c /home/joaoantoniocardoso/opt/xPacks/@xpack-dev-tools/riscv-none-embed-gcc/8.3.0-1.1.1/.content/bin/../lib/gcc/riscv-none-embed/8.3.0/../../../../riscv-none-embed/lib/rv32im/ilp32/libg.a(lib_a-memcpy.o)
                0x00000000000007f8                memcpy

.text.startup.register_fini
                0x0000000000000914       0x1c
 .text.startup.register_fini
                0x0000000000000914       0x1c /home/joaoantoniocardoso/opt/xPacks/@xpack-dev-tools/riscv-none-embed-gcc/8.3.0-1.1.1/.content/bin/../lib/gcc/riscv-none-embed/8.3.0/../../../../riscv-none-embed/lib/rv32im/ilp32/libg.a(lib_a-__call_atexit.o)

.text.__call_exitprocs
                0x0000000000000930      0x138
 .text.__call_exitprocs
                0x0000000000000930      0x138 /home/joaoantoniocardoso/opt/xPacks/@xpack-dev-tools/riscv-none-embed-gcc/8.3.0-1.1.1/.content/bin/../lib/gcc/riscv-none-embed/8.3.0/../../../../riscv-none-embed/lib/rv32im/ilp32/libg.a(lib_a-__call_atexit.o)
                0x0000000000000930                __call_exitprocs

.text.atexit    0x0000000000000a68       0x14
 .text.atexit   0x0000000000000a68       0x14 /home/joaoantoniocardoso/opt/xPacks/@xpack-dev-tools/riscv-none-embed-gcc/8.3.0-1.1.1/.content/bin/../lib/gcc/riscv-none-embed/8.3.0/../../../../riscv-none-embed/lib/rv32im/ilp32/libg.a(lib_a-atexit.o)
                0x0000000000000a68                atexit

.text.__libc_fini_array
                0x0000000000000a7c       0x60
 .text.__libc_fini_array
                0x0000000000000a7c       0x60 /home/joaoantoniocardoso/opt/xPacks/@xpack-dev-tools/riscv-none-embed-gcc/8.3.0-1.1.1/.content/bin/../lib/gcc/riscv-none-embed/8.3.0/../../../../riscv-none-embed/lib/rv32im/ilp32/libg.a(lib_a-fini.o)
                0x0000000000000a7c                __libc_fini_array

.text.__retarget_lock_init
                0x0000000000000adc        0x4
 .text.__retarget_lock_init
                0x0000000000000adc        0x4 /home/joaoantoniocardoso/opt/xPacks/@xpack-dev-tools/riscv-none-embed-gcc/8.3.0-1.1.1/.content/bin/../lib/gcc/riscv-none-embed/8.3.0/../../../../riscv-none-embed/lib/rv32im/ilp32/libg.a(lib_a-lock.o)
                0x0000000000000adc                __retarget_lock_init

.text.__retarget_lock_init_recursive
                0x0000000000000ae0        0x4
 .text.__retarget_lock_init_recursive
                0x0000000000000ae0        0x4 /home/joaoantoniocardoso/opt/xPacks/@xpack-dev-tools/riscv-none-embed-gcc/8.3.0-1.1.1/.content/bin/../lib/gcc/riscv-none-embed/8.3.0/../../../../riscv-none-embed/lib/rv32im/ilp32/libg.a(lib_a-lock.o)
                0x0000000000000ae0                __retarget_lock_init_recursive

.text.__retarget_lock_close
                0x0000000000000ae4        0x4
 .text.__retarget_lock_close
                0x0000000000000ae4        0x4 /home/joaoantoniocardoso/opt/xPacks/@xpack-dev-tools/riscv-none-embed-gcc/8.3.0-1.1.1/.content/bin/../lib/gcc/riscv-none-embed/8.3.0/../../../../riscv-none-embed/lib/rv32im/ilp32/libg.a(lib_a-lock.o)
                0x0000000000000ae4                __retarget_lock_close

.text.__retarget_lock_close_recursive
                0x0000000000000ae8        0x4
 .text.__retarget_lock_close_recursive
                0x0000000000000ae8        0x4 /home/joaoantoniocardoso/opt/xPacks/@xpack-dev-tools/riscv-none-embed-gcc/8.3.0-1.1.1/.content/bin/../lib/gcc/riscv-none-embed/8.3.0/../../../../riscv-none-embed/lib/rv32im/ilp32/libg.a(lib_a-lock.o)
                0x0000000000000ae8                __retarget_lock_close_recursive

.text.__retarget_lock_acquire
                0x0000000000000aec        0x4
 .text.__retarget_lock_acquire
                0x0000000000000aec        0x4 /home/joaoantoniocardoso/opt/xPacks/@xpack-dev-tools/riscv-none-embed-gcc/8.3.0-1.1.1/.content/bin/../lib/gcc/riscv-none-embed/8.3.0/../../../../riscv-none-embed/lib/rv32im/ilp32/libg.a(lib_a-lock.o)
                0x0000000000000aec                __retarget_lock_acquire

.text.__retarget_lock_acquire_recursive
                0x0000000000000af0        0x4
 .text.__retarget_lock_acquire_recursive
                0x0000000000000af0        0x4 /home/joaoantoniocardoso/opt/xPacks/@xpack-dev-tools/riscv-none-embed-gcc/8.3.0-1.1.1/.content/bin/../lib/gcc/riscv-none-embed/8.3.0/../../../../riscv-none-embed/lib/rv32im/ilp32/libg.a(lib_a-lock.o)
                0x0000000000000af0                __retarget_lock_acquire_recursive

.text.__retarget_lock_try_acquire
                0x0000000000000af4        0x8
 .text.__retarget_lock_try_acquire
                0x0000000000000af4        0x8 /home/joaoantoniocardoso/opt/xPacks/@xpack-dev-tools/riscv-none-embed-gcc/8.3.0-1.1.1/.content/bin/../lib/gcc/riscv-none-embed/8.3.0/../../../../riscv-none-embed/lib/rv32im/ilp32/libg.a(lib_a-lock.o)
                0x0000000000000af4                __retarget_lock_try_acquire

.text.__retarget_lock_try_acquire_recursive
                0x0000000000000afc        0x8
 .text.__retarget_lock_try_acquire_recursive
                0x0000000000000afc        0x8 /home/joaoantoniocardoso/opt/xPacks/@xpack-dev-tools/riscv-none-embed-gcc/8.3.0-1.1.1/.content/bin/../lib/gcc/riscv-none-embed/8.3.0/../../../../riscv-none-embed/lib/rv32im/ilp32/libg.a(lib_a-lock.o)
                0x0000000000000afc                __retarget_lock_try_acquire_recursive

.text.__retarget_lock_release
                0x0000000000000b04        0x4
 .text.__retarget_lock_release
                0x0000000000000b04        0x4 /home/joaoantoniocardoso/opt/xPacks/@xpack-dev-tools/riscv-none-embed-gcc/8.3.0-1.1.1/.content/bin/../lib/gcc/riscv-none-embed/8.3.0/../../../../riscv-none-embed/lib/rv32im/ilp32/libg.a(lib_a-lock.o)
                0x0000000000000b04                __retarget_lock_release

.text.__retarget_lock_release_recursive
                0x0000000000000b08        0x4
 .text.__retarget_lock_release_recursive
                0x0000000000000b08        0x4 /home/joaoantoniocardoso/opt/xPacks/@xpack-dev-tools/riscv-none-embed-gcc/8.3.0-1.1.1/.content/bin/../lib/gcc/riscv-none-embed/8.3.0/../../../../riscv-none-embed/lib/rv32im/ilp32/libg.a(lib_a-lock.o)
                0x0000000000000b08                __retarget_lock_release_recursive

.text.__register_exitproc
                0x0000000000000b0c       0xec
 .text.__register_exitproc
                0x0000000000000b0c       0xec /home/joaoantoniocardoso/opt/xPacks/@xpack-dev-tools/riscv-none-embed-gcc/8.3.0-1.1.1/.content/bin/../lib/gcc/riscv-none-embed/8.3.0/../../../../riscv-none-embed/lib/rv32im/ilp32/libg.a(lib_a-__atexit.o)
                0x0000000000000b0c                __register_exitproc

.eh_frame       0x0000000000000bf8        0x4
 .eh_frame      0x0000000000000bf8        0x0 /home/joaoantoniocardoso/opt/xPacks/@xpack-dev-tools/riscv-none-embed-gcc/8.3.0-1.1.1/.content/bin/../lib/gcc/riscv-none-embed/8.3.0/rv32im/ilp32/crtbegin.o
 .eh_frame      0x0000000000000bf8        0x4 /home/joaoantoniocardoso/opt/xPacks/@xpack-dev-tools/riscv-none-embed-gcc/8.3.0-1.1.1/.content/bin/../lib/gcc/riscv-none-embed/8.3.0/rv32im/ilp32/crtend.o

.rodata.str1.4  0x0000000000000bfc       0x24
 .rodata.str1.4
                0x0000000000000bfc       0x24 syscalls.o
                                         0x23 (size before relaxing)

.sdata2._global_impure_ptr
                0x0000000000000c20        0x4
 .sdata2._global_impure_ptr
                0x0000000000000c20        0x4 /home/joaoantoniocardoso/opt/xPacks/@xpack-dev-tools/riscv-none-embed-gcc/8.3.0-1.1.1/.content/bin/../lib/gcc/riscv-none-embed/8.3.0/../../../../riscv-none-embed/lib/rv32im/ilp32/libg.a(lib_a-impure.o)
                0x0000000000000c20                _global_impure_ptr

.rela.dyn       0x0000000000000c24        0x0
 .rela.text     0x0000000000000c24        0x0 /home/joaoantoniocardoso/opt/xPacks/@xpack-dev-tools/riscv-none-embed-gcc/8.3.0-1.1.1/.content/bin/../lib/gcc/riscv-none-embed/8.3.0/../../../../riscv-none-embed/lib/rv32im/ilp32/crt0.o
 .rela.text.__do_global_dtors_aux
                0x0000000000000c24        0x0 /home/joaoantoniocardoso/opt/xPacks/@xpack-dev-tools/riscv-none-embed-gcc/8.3.0-1.1.1/.content/bin/../lib/gcc/riscv-none-embed/8.3.0/../../../../riscv-none-embed/lib/rv32im/ilp32/crt0.o
 .rela.text.frame_dummy
                0x0000000000000c24        0x0 /home/joaoantoniocardoso/opt/xPacks/@xpack-dev-tools/riscv-none-embed-gcc/8.3.0-1.1.1/.content/bin/../lib/gcc/riscv-none-embed/8.3.0/../../../../riscv-none-embed/lib/rv32im/ilp32/crt0.o
 .rela.text.__libc_init_array
                0x0000000000000c24        0x0 /home/joaoantoniocardoso/opt/xPacks/@xpack-dev-tools/riscv-none-embed-gcc/8.3.0-1.1.1/.content/bin/../lib/gcc/riscv-none-embed/8.3.0/../../../../riscv-none-embed/lib/rv32im/ilp32/crt0.o
 .rela.text.startup.register_fini
                0x0000000000000c24        0x0 /home/joaoantoniocardoso/opt/xPacks/@xpack-dev-tools/riscv-none-embed-gcc/8.3.0-1.1.1/.content/bin/../lib/gcc/riscv-none-embed/8.3.0/../../../../riscv-none-embed/lib/rv32im/ilp32/crt0.o
 .rela.sdata.__atexit_recursive_mutex
                0x0000000000000c24        0x0 /home/joaoantoniocardoso/opt/xPacks/@xpack-dev-tools/riscv-none-embed-gcc/8.3.0-1.1.1/.content/bin/../lib/gcc/riscv-none-embed/8.3.0/../../../../riscv-none-embed/lib/rv32im/ilp32/crt0.o
 .rela.text.__libc_fini_array
                0x0000000000000c24        0x0 /home/joaoantoniocardoso/opt/xPacks/@xpack-dev-tools/riscv-none-embed-gcc/8.3.0-1.1.1/.content/bin/../lib/gcc/riscv-none-embed/8.3.0/../../../../riscv-none-embed/lib/rv32im/ilp32/crt0.o

.data           0x0000000002000000      0x43c load address 0x0000000000000c24
                0x0000000000000c24                _data_lma = LOADADDR (.data)
                0x0000000002000000                _data = .
                0x0000000002000000                __global_pointer$ = .
 *(.data .data.*)
 .data          0x0000000002000000        0x0 /home/joaoantoniocardoso/opt/xPacks/@xpack-dev-tools/riscv-none-embed-gcc/8.3.0-1.1.1/.content/bin/../lib/gcc/riscv-none-embed/8.3.0/../../../../riscv-none-embed/lib/rv32im/ilp32/crt0.o
 .data          0x0000000002000000        0x0 /home/joaoantoniocardoso/opt/xPacks/@xpack-dev-tools/riscv-none-embed-gcc/8.3.0-1.1.1/.content/bin/../lib/gcc/riscv-none-embed/8.3.0/rv32im/ilp32/crtbegin.o
 .data          0x0000000002000000        0x0 main_timer.o
 .data          0x0000000002000000        0x0 syscalls.o
 .data          0x0000000002000000        0x0 start.o
 .data          0x0000000002000000        0x0 utils.o
 .data          0x0000000002000000        0x0 timer.o
 .data          0x0000000002000000        0x0 /home/joaoantoniocardoso/opt/xPacks/@xpack-dev-tools/riscv-none-embed-gcc/8.3.0-1.1.1/.content/bin/../lib/gcc/riscv-none-embed/8.3.0/../../../../riscv-none-embed/lib/rv32im/ilp32/libg.a(lib_a-errno.o)
 .data          0x0000000002000000        0x0 /home/joaoantoniocardoso/opt/xPacks/@xpack-dev-tools/riscv-none-embed-gcc/8.3.0-1.1.1/.content/bin/../lib/gcc/riscv-none-embed/8.3.0/../../../../riscv-none-embed/lib/rv32im/ilp32/libg.a(lib_a-exit.o)
 .data          0x0000000002000000        0x0 /home/joaoantoniocardoso/opt/xPacks/@xpack-dev-tools/riscv-none-embed-gcc/8.3.0-1.1.1/.content/bin/../lib/gcc/riscv-none-embed/8.3.0/../../../../riscv-none-embed/lib/rv32im/ilp32/libg.a(lib_a-impure.o)
 .data.impure_data
                0x0000000002000000      0x428 /home/joaoantoniocardoso/opt/xPacks/@xpack-dev-tools/riscv-none-embed-gcc/8.3.0-1.1.1/.content/bin/../lib/gcc/riscv-none-embed/8.3.0/../../../../riscv-none-embed/lib/rv32im/ilp32/libg.a(lib_a-impure.o)
 .data          0x0000000002000428        0x0 /home/joaoantoniocardoso/opt/xPacks/@xpack-dev-tools/riscv-none-embed-gcc/8.3.0-1.1.1/.content/bin/../lib/gcc/riscv-none-embed/8.3.0/../../../../riscv-none-embed/lib/rv32im/ilp32/libg.a(lib_a-init.o)
 .data          0x0000000002000428        0x0 /home/joaoantoniocardoso/opt/xPacks/@xpack-dev-tools/riscv-none-embed-gcc/8.3.0-1.1.1/.content/bin/../lib/gcc/riscv-none-embed/8.3.0/../../../../riscv-none-embed/lib/rv32im/ilp32/libg.a(lib_a-memcpy.o)
 .data          0x0000000002000428        0x0 /home/joaoantoniocardoso/opt/xPacks/@xpack-dev-tools/riscv-none-embed-gcc/8.3.0-1.1.1/.content/bin/../lib/gcc/riscv-none-embed/8.3.0/../../../../riscv-none-embed/lib/rv32im/ilp32/libg.a(lib_a-memset.o)
 .data          0x0000000002000428        0x0 /home/joaoantoniocardoso/opt/xPacks/@xpack-dev-tools/riscv-none-embed-gcc/8.3.0-1.1.1/.content/bin/../lib/gcc/riscv-none-embed/8.3.0/../../../../riscv-none-embed/lib/rv32im/ilp32/libg.a(lib_a-__call_atexit.o)
 .data          0x0000000002000428        0x0 /home/joaoantoniocardoso/opt/xPacks/@xpack-dev-tools/riscv-none-embed-gcc/8.3.0-1.1.1/.content/bin/../lib/gcc/riscv-none-embed/8.3.0/../../../../riscv-none-embed/lib/rv32im/ilp32/libg.a(lib_a-atexit.o)
 .data          0x0000000002000428        0x0 /home/joaoantoniocardoso/opt/xPacks/@xpack-dev-tools/riscv-none-embed-gcc/8.3.0-1.1.1/.content/bin/../lib/gcc/riscv-none-embed/8.3.0/../../../../riscv-none-embed/lib/rv32im/ilp32/libg.a(lib_a-fini.o)
 .data          0x0000000002000428        0x0 /home/joaoantoniocardoso/opt/xPacks/@xpack-dev-tools/riscv-none-embed-gcc/8.3.0-1.1.1/.content/bin/../lib/gcc/riscv-none-embed/8.3.0/../../../../riscv-none-embed/lib/rv32im/ilp32/libg.a(lib_a-lock.o)
 .data          0x0000000002000428        0x0 /home/joaoantoniocardoso/opt/xPacks/@xpack-dev-tools/riscv-none-embed-gcc/8.3.0-1.1.1/.content/bin/../lib/gcc/riscv-none-embed/8.3.0/../../../../riscv-none-embed/lib/rv32im/ilp32/libg.a(lib_a-__atexit.o)
 .data          0x0000000002000428        0x0 /home/joaoantoniocardoso/opt/xPacks/@xpack-dev-tools/riscv-none-embed-gcc/8.3.0-1.1.1/.content/bin/../lib/gcc/riscv-none-embed/8.3.0/rv32im/ilp32/crtend.o
 *(.sdata .sdata.*)
 .sdata.__dso_handle
                0x0000000002000428        0x4 /home/joaoantoniocardoso/opt/xPacks/@xpack-dev-tools/riscv-none-embed-gcc/8.3.0-1.1.1/.content/bin/../lib/gcc/riscv-none-embed/8.3.0/rv32im/ilp32/crtbegin.o
                0x0000000002000428                __dso_handle
 .sdata         0x000000000200042c        0x8 main_timer.o
 .sdata._impure_ptr
                0x0000000002000434        0x4 /home/joaoantoniocardoso/opt/xPacks/@xpack-dev-tools/riscv-none-embed-gcc/8.3.0-1.1.1/.content/bin/../lib/gcc/riscv-none-embed/8.3.0/../../../../riscv-none-embed/lib/rv32im/ilp32/libg.a(lib_a-impure.o)
                0x0000000002000434                _impure_ptr
 .sdata.__atexit_recursive_mutex
                0x0000000002000438        0x4 /home/joaoantoniocardoso/opt/xPacks/@xpack-dev-tools/riscv-none-embed-gcc/8.3.0-1.1.1/.content/bin/../lib/gcc/riscv-none-embed/8.3.0/../../../../riscv-none-embed/lib/rv32im/ilp32/libg.a(lib_a-__call_atexit.o)
                0x0000000002000438                __atexit_recursive_mutex
                0x000000000200043c                . = ALIGN (0x4)
                0x000000000200043c                _edata = .

.fini_array     0x000000000200043c        0x4 load address 0x0000000000001060
 .fini_array    0x000000000200043c        0x4 /home/joaoantoniocardoso/opt/xPacks/@xpack-dev-tools/riscv-none-embed-gcc/8.3.0-1.1.1/.content/bin/../lib/gcc/riscv-none-embed/8.3.0/rv32im/ilp32/crtbegin.o

.init_array     0x0000000002000440        0x4 load address 0x0000000000001064
 .init_array    0x0000000002000440        0x4 /home/joaoantoniocardoso/opt/xPacks/@xpack-dev-tools/riscv-none-embed-gcc/8.3.0-1.1.1/.content/bin/../lib/gcc/riscv-none-embed/8.3.0/rv32im/ilp32/crtbegin.o

.init_array.00000
                0x0000000002000444        0x4 load address 0x0000000000001068
 .init_array.00000
                0x0000000002000444        0x4 /home/joaoantoniocardoso/opt/xPacks/@xpack-dev-tools/riscv-none-embed-gcc/8.3.0-1.1.1/.content/bin/../lib/gcc/riscv-none-embed/8.3.0/../../../../riscv-none-embed/lib/rv32im/ilp32/libg.a(lib_a-__call_atexit.o)

.bss            0x0000000002000448       0x39 load address 0x000000000000106c
                0x0000000002000448                _bss_start = .
 *(.bss .bss.*)
 .bss           0x0000000002000448        0x0 /home/joaoantoniocardoso/opt/xPacks/@xpack-dev-tools/riscv-none-embed-gcc/8.3.0-1.1.1/.content/bin/../lib/gcc/riscv-none-embed/8.3.0/../../../../riscv-none-embed/lib/rv32im/ilp32/crt0.o
 .bss           0x0000000002000448        0x0 /home/joaoantoniocardoso/opt/xPacks/@xpack-dev-tools/riscv-none-embed-gcc/8.3.0-1.1.1/.content/bin/../lib/gcc/riscv-none-embed/8.3.0/rv32im/ilp32/crtbegin.o
 .bss.object.5461
                0x0000000002000448       0x18 /home/joaoantoniocardoso/opt/xPacks/@xpack-dev-tools/riscv-none-embed-gcc/8.3.0-1.1.1/.content/bin/../lib/gcc/riscv-none-embed/8.3.0/rv32im/ilp32/crtbegin.o
 .bss           0x0000000002000460        0x0 main_timer.o
 .bss           0x0000000002000460        0x0 syscalls.o
 .bss           0x0000000002000460        0x0 start.o
 .bss           0x0000000002000460        0x0 utils.o
 .bss           0x0000000002000460        0x0 timer.o
 .bss           0x0000000002000460        0x0 /home/joaoantoniocardoso/opt/xPacks/@xpack-dev-tools/riscv-none-embed-gcc/8.3.0-1.1.1/.content/bin/../lib/gcc/riscv-none-embed/8.3.0/../../../../riscv-none-embed/lib/rv32im/ilp32/libg.a(lib_a-errno.o)
 .bss           0x0000000002000460        0x0 /home/joaoantoniocardoso/opt/xPacks/@xpack-dev-tools/riscv-none-embed-gcc/8.3.0-1.1.1/.content/bin/../lib/gcc/riscv-none-embed/8.3.0/../../../../riscv-none-embed/lib/rv32im/ilp32/libg.a(lib_a-exit.o)
 .bss           0x0000000002000460        0x0 /home/joaoantoniocardoso/opt/xPacks/@xpack-dev-tools/riscv-none-embed-gcc/8.3.0-1.1.1/.content/bin/../lib/gcc/riscv-none-embed/8.3.0/../../../../riscv-none-embed/lib/rv32im/ilp32/libg.a(lib_a-impure.o)
 .bss           0x0000000002000460        0x0 /home/joaoantoniocardoso/opt/xPacks/@xpack-dev-tools/riscv-none-embed-gcc/8.3.0-1.1.1/.content/bin/../lib/gcc/riscv-none-embed/8.3.0/../../../../riscv-none-embed/lib/rv32im/ilp32/libg.a(lib_a-init.o)
 .bss           0x0000000002000460        0x0 /home/joaoantoniocardoso/opt/xPacks/@xpack-dev-tools/riscv-none-embed-gcc/8.3.0-1.1.1/.content/bin/../lib/gcc/riscv-none-embed/8.3.0/../../../../riscv-none-embed/lib/rv32im/ilp32/libg.a(lib_a-memcpy.o)
 .bss           0x0000000002000460        0x0 /home/joaoantoniocardoso/opt/xPacks/@xpack-dev-tools/riscv-none-embed-gcc/8.3.0-1.1.1/.content/bin/../lib/gcc/riscv-none-embed/8.3.0/../../../../riscv-none-embed/lib/rv32im/ilp32/libg.a(lib_a-memset.o)
 .bss           0x0000000002000460        0x0 /home/joaoantoniocardoso/opt/xPacks/@xpack-dev-tools/riscv-none-embed-gcc/8.3.0-1.1.1/.content/bin/../lib/gcc/riscv-none-embed/8.3.0/../../../../riscv-none-embed/lib/rv32im/ilp32/libg.a(lib_a-__call_atexit.o)
 .bss           0x0000000002000460        0x0 /home/joaoantoniocardoso/opt/xPacks/@xpack-dev-tools/riscv-none-embed-gcc/8.3.0-1.1.1/.content/bin/../lib/gcc/riscv-none-embed/8.3.0/../../../../riscv-none-embed/lib/rv32im/ilp32/libg.a(lib_a-atexit.o)
 .bss           0x0000000002000460        0x0 /home/joaoantoniocardoso/opt/xPacks/@xpack-dev-tools/riscv-none-embed-gcc/8.3.0-1.1.1/.content/bin/../lib/gcc/riscv-none-embed/8.3.0/../../../../riscv-none-embed/lib/rv32im/ilp32/libg.a(lib_a-fini.o)
 .bss           0x0000000002000460        0x0 /home/joaoantoniocardoso/opt/xPacks/@xpack-dev-tools/riscv-none-embed-gcc/8.3.0-1.1.1/.content/bin/../lib/gcc/riscv-none-embed/8.3.0/../../../../riscv-none-embed/lib/rv32im/ilp32/libg.a(lib_a-lock.o)
 .bss           0x0000000002000460        0x0 /home/joaoantoniocardoso/opt/xPacks/@xpack-dev-tools/riscv-none-embed-gcc/8.3.0-1.1.1/.content/bin/../lib/gcc/riscv-none-embed/8.3.0/../../../../riscv-none-embed/lib/rv32im/ilp32/libg.a(lib_a-__atexit.o)
 .bss           0x0000000002000460        0x0 /home/joaoantoniocardoso/opt/xPacks/@xpack-dev-tools/riscv-none-embed-gcc/8.3.0-1.1.1/.content/bin/../lib/gcc/riscv-none-embed/8.3.0/rv32im/ilp32/crtend.o
                0x0000000002000460                . = ALIGN (0x4)
                0x0000000002000460                _bss_end = .
                0x0000000002000460                _end = .
 COMMON         0x0000000002000460       0x21 /home/joaoantoniocardoso/opt/xPacks/@xpack-dev-tools/riscv-none-embed-gcc/8.3.0-1.1.1/.content/bin/../lib/gcc/riscv-none-embed/8.3.0/../../../../riscv-none-embed/lib/rv32im/ilp32/libg.a(lib_a-lock.o)
                0x0000000002000460                __lock___atexit_recursive_mutex
                0x0000000002000464                __lock___arc4random_mutex
                0x0000000002000468                __lock___env_recursive_mutex
                0x000000000200046c                __lock___sinit_recursive_mutex
                0x0000000002000470                __lock___malloc_recursive_mutex
                0x0000000002000474                __lock___at_quick_exit_mutex
                0x0000000002000478                __lock___dd_hash_mutex
                0x000000000200047c                __lock___tz_mutex
                0x0000000002000480                __lock___sfp_recursive_mutex
OUTPUT(main_timer.elf elf32-littleriscv)

.sbss.completed.5456
                0x0000000002000481        0x1 load address 0x000000000000106c
 .sbss.completed.5456
                0x0000000002000481        0x1 /home/joaoantoniocardoso/opt/xPacks/@xpack-dev-tools/riscv-none-embed-gcc/8.3.0-1.1.1/.content/bin/../lib/gcc/riscv-none-embed/8.3.0/rv32im/ilp32/crtbegin.o

.sbss           0x0000000002000484        0x8 load address 0x000000000000106c
 .sbss          0x0000000002000484        0x4 main_timer.o
 .sbss          0x0000000002000488        0x4 syscalls.o

.comment        0x0000000000000000       0x33
 .comment       0x0000000000000000       0x33 main_timer.o
                                         0x34 (size before relaxing)
 .comment       0x0000000000000033       0x34 syscalls.o
 .comment       0x0000000000000033       0x34 utils.o
 .comment       0x0000000000000033       0x34 timer.o

.debug_frame    0x0000000000000000      0x25c
 .debug_frame   0x0000000000000000       0x20 /home/joaoantoniocardoso/opt/xPacks/@xpack-dev-tools/riscv-none-embed-gcc/8.3.0-1.1.1/.content/bin/../lib/gcc/riscv-none-embed/8.3.0/../../../../riscv-none-embed/lib/rv32im/ilp32/libg.a(lib_a-errno.o)
 .debug_frame   0x0000000000000020       0x28 /home/joaoantoniocardoso/opt/xPacks/@xpack-dev-tools/riscv-none-embed-gcc/8.3.0-1.1.1/.content/bin/../lib/gcc/riscv-none-embed/8.3.0/../../../../riscv-none-embed/lib/rv32im/ilp32/libg.a(lib_a-exit.o)
 .debug_frame   0x0000000000000048       0x3c /home/joaoantoniocardoso/opt/xPacks/@xpack-dev-tools/riscv-none-embed-gcc/8.3.0-1.1.1/.content/bin/../lib/gcc/riscv-none-embed/8.3.0/../../../../riscv-none-embed/lib/rv32im/ilp32/libg.a(lib_a-init.o)
 .debug_frame   0x0000000000000084       0x20 /home/joaoantoniocardoso/opt/xPacks/@xpack-dev-tools/riscv-none-embed-gcc/8.3.0-1.1.1/.content/bin/../lib/gcc/riscv-none-embed/8.3.0/../../../../riscv-none-embed/lib/rv32im/ilp32/libg.a(lib_a-memcpy.o)
 .debug_frame   0x00000000000000a4       0x6c /home/joaoantoniocardoso/opt/xPacks/@xpack-dev-tools/riscv-none-embed-gcc/8.3.0-1.1.1/.content/bin/../lib/gcc/riscv-none-embed/8.3.0/../../../../riscv-none-embed/lib/rv32im/ilp32/libg.a(lib_a-__call_atexit.o)
 .debug_frame   0x0000000000000110       0x20 /home/joaoantoniocardoso/opt/xPacks/@xpack-dev-tools/riscv-none-embed-gcc/8.3.0-1.1.1/.content/bin/../lib/gcc/riscv-none-embed/8.3.0/../../../../riscv-none-embed/lib/rv32im/ilp32/libg.a(lib_a-atexit.o)
 .debug_frame   0x0000000000000130       0x34 /home/joaoantoniocardoso/opt/xPacks/@xpack-dev-tools/riscv-none-embed-gcc/8.3.0-1.1.1/.content/bin/../lib/gcc/riscv-none-embed/8.3.0/../../../../riscv-none-embed/lib/rv32im/ilp32/libg.a(lib_a-fini.o)
 .debug_frame   0x0000000000000164       0xb0 /home/joaoantoniocardoso/opt/xPacks/@xpack-dev-tools/riscv-none-embed-gcc/8.3.0-1.1.1/.content/bin/../lib/gcc/riscv-none-embed/8.3.0/../../../../riscv-none-embed/lib/rv32im/ilp32/libg.a(lib_a-lock.o)
 .debug_frame   0x0000000000000214       0x48 /home/joaoantoniocardoso/opt/xPacks/@xpack-dev-tools/riscv-none-embed-gcc/8.3.0-1.1.1/.content/bin/../lib/gcc/riscv-none-embed/8.3.0/../../../../riscv-none-embed/lib/rv32im/ilp32/libg.a(lib_a-__atexit.o)
